DESCRIBE MODEL: three
  doc: Third
  icon: 
  type: pclass-enumeration
  version: "0.2.0"
  depends: [[two "0.2.0"]]
  rdepends: [[four "0.2.0"]]
fields:
modes:
  :e is an unconditional or enumeration mode
  :f is an unconditional or enumeration mode
methods:
transitions:
lvars:
