ERROR: cannot delete model "three" without --recursive due to these reverse dependencies: [[four "0.2.0"]]
